// Jest Snapshot v1, https://goo.gl/fbAQLP

exports[`<EventSummaryBox /> should render correctly 1`] = `
<View
  style={
    Array [
      Object {
        "borderColor": "#CC5D5D",
        "borderRadius": 2,
        "borderStyle": "solid",
        "borderWidth": 1,
        "flex": 1,
        "padding": 4,
      },
    ]
  }
>
  <Text
    accessible={true}
    allowFontScaling={true}
    ellipsizeMode="tail"
    style={
      Array [
        Object {
          "color": "#CC5D5D",
        },
        Object {
          "fontWeight": "bold",
        },
      ]
    }
  >
    Chemotherapy
  </Text>
  <Text
    accessible={true}
    allowFontScaling={true}
    ellipsizeMode="tail"
    style={
      Array [
        Object {
          "color": "#CC5D5D",
        },
        Object {},
      ]
    }
  >
    Adept Wilkenson
  </Text>
</View>
`;
