// Jest Snapshot v1, https://goo.gl/fbAQLP

exports[`Home Screen should render the correct screen 1`] = `
<View
  style={
    Object {
      "flex": 1,
    }
  }
>
  <ThemeProvider
    uiTheme={
      Object {
        "palette": Object {
          "accentColor": "#FF7575",
          "primaryColor": "#FF7575",
          "secondaryColor": "#CC5D5D",
        },
        "toolbar": Object {
          "container": Object {
            "height": 50,
          },
        },
      }
    }
  />
  <View
    style={
      Object {
        "alignItems": "stretch",
        "flex": 1,
        "flexDirection": "column",
        "justifyContent": "center",
      }
    }
  >
    <View
      style={
        Object {
          "backgroundColor": "#F5FCFF",
          "flex": 1,
        }
      }
    >
      <View
        style={
          Object {
            "backgroundColor": "#F5FCFF",
            "flex": 1,
          }
        }
      >
        <Text
          accessible={true}
          allowFontScaling={true}
          ellipsizeMode="tail"
          style={
            Object {
              "fontSize": 24,
              "margin": 15,
              "textAlign": "center",
            }
          }
        >
          Assigned Upcoming Events
        </Text>
        <RCTScrollView
          data={
            Array [
              Object {
                "date": "July 3rd",
                "description": "Quick check",
                "endDate": 1499101200000,
                "id": 2,
                "location": "6818 Austin Center Blvd, Austin, TX 78731",
                "name": "Toxicity Check",
                "role": "driver",
                "startDate": 1499097600000,
                "time": "11:00-12:00",
                "volunteer": "Sarah",
                "volunteerId": "sarah@emailprovider.com",
              },
              Object {
                "date": "July 7th",
                "description": "Need to keep busy",
                "id": 4,
                "location": "1100 Congress Ave, Austin, TX 78701",
                "name": "Weekend",
                "role": "active friend",
                "startDate": 1499403600000,
                "time": "All Day",
                "volunteer": "Sarah",
                "volunteerId": "sarah@emailprovider.com",
              },
            ]
          }
          disableVirtualization={false}
          getItem={[Function]}
          getItemCount={[Function]}
          horizontal={false}
          initialNumToRender={10}
          keyExtractor={[Function]}
          maxToRenderPerBatch={10}
          numColumns={1}
          onContentSizeChange={[Function]}
          onEndReached={[Function]}
          onEndReachedThreshold={2}
          onLayout={[Function]}
          onScroll={[Function]}
          onScrollBeginDrag={[Function]}
          onViewableItemsChanged={undefined}
          removeClippedSubviews={true}
          renderItem={[Function]}
          renderScrollComponent={[Function]}
          scrollEventThrottle={50}
          stickyHeaderIndices={Array []}
          updateCellsBatchingPeriod={50}
          windowSize={21}
        >
          <View>
            <View
              onLayout={[Function]}
            >
              <Text
                accessible={true}
                allowFontScaling={true}
                ellipsizeMode="tail"
                style={
                  Object {
                    "fontSize": 20,
                    "margin": 13,
                    "textAlign": "left",
                  }
                }
              >
                July 3rd
                : 
                Toxicity Check
              </Text>
            </View>
            <View
              onLayout={[Function]}
            >
              <Text
                accessible={true}
                allowFontScaling={true}
                ellipsizeMode="tail"
                style={
                  Object {
                    "fontSize": 20,
                    "margin": 13,
                    "textAlign": "left",
                  }
                }
              >
                July 7th
                : 
                Weekend
              </Text>
            </View>
            <View
              style={
                Object {
                  "height": 0,
                }
              }
            />
          </View>
        </RCTScrollView>
      </View>
      <View
        style={
          Object {
            "backgroundColor": "#F5FCFF",
            "flex": 1,
          }
        }
      >
        <Text
          accessible={true}
          allowFontScaling={true}
          ellipsizeMode="tail"
          style={
            Object {
              "fontSize": 24,
              "margin": 15,
              "textAlign": "center",
            }
          }
        >
          Events Still Looking for People
        </Text>
        <RCTScrollView
          data={
            Array [
              Object {
                "date": "July 5th",
                "description": "",
                "endDate": 1499265000000,
                "id": 3,
                "location": "1120 S Lamar Blvd, Austin, TX 78704",
                "name": "Checkin",
                "role": "active friend",
                "startDate": 1499261400000,
                "time": "08:30-09:30",
                "volunteer": "TBD",
                "volunteerId": "TBD",
              },
              Object {
                "date": "July 9th",
                "description": "",
                "endDate": 1499620500000,
                "id": 5,
                "location": "6818 Austin Center Blvd, Austin, TX 78731",
                "name": "Chemotherapy",
                "role": "driver",
                "startDate": 1499613300000,
                "time": "10:15-12:15",
                "volunteer": "TBD",
                "volunteerId": "TBD",
              },
            ]
          }
          disableVirtualization={false}
          getItem={[Function]}
          getItemCount={[Function]}
          horizontal={false}
          initialNumToRender={10}
          keyExtractor={[Function]}
          maxToRenderPerBatch={10}
          numColumns={1}
          onContentSizeChange={[Function]}
          onEndReached={[Function]}
          onEndReachedThreshold={2}
          onLayout={[Function]}
          onScroll={[Function]}
          onScrollBeginDrag={[Function]}
          onViewableItemsChanged={undefined}
          removeClippedSubviews={true}
          renderItem={[Function]}
          renderScrollComponent={[Function]}
          scrollEventThrottle={50}
          stickyHeaderIndices={Array []}
          updateCellsBatchingPeriod={50}
          windowSize={21}
        >
          <View>
            <View
              onLayout={[Function]}
            >
              <Text
                accessible={true}
                allowFontScaling={true}
                ellipsizeMode="tail"
                style={
                  Object {
                    "fontSize": 20,
                    "margin": 13,
                    "textAlign": "left",
                  }
                }
              >
                July 5th
                : 
                Checkin
                 - 
                active friend
              </Text>
            </View>
            <View
              onLayout={[Function]}
            >
              <Text
                accessible={true}
                allowFontScaling={true}
                ellipsizeMode="tail"
                style={
                  Object {
                    "fontSize": 20,
                    "margin": 13,
                    "textAlign": "left",
                  }
                }
              >
                July 9th
                : 
                Chemotherapy
                 - 
                driver
              </Text>
            </View>
            <View
              style={
                Object {
                  "height": 0,
                }
              }
            />
          </View>
        </RCTScrollView>
      </View>
    </View>
  </View>
</View>
`;
