// Jest Snapshot v1, https://goo.gl/fbAQLP

exports[`<Drawer /> should render correctly 1`] = `
<ThemeProvider
  uiTheme={
    Object {
      "palette": Object {
        "primaryColor": "#FF7575",
        "secondaryColor": "#E66969",
      },
      "toolbar": Object {
        "container": Object {
          "height": 50,
        },
      },
    }
  }
/>
`;
