// Jest Snapshot v1, https://goo.gl/fbAQLP

exports[`<ScreenWithToolbar /> should render correctly 1`] = `
<View
  style={
    Object {
      "flex": 1,
    }
  }
>
  <ThemeProvider
    uiTheme={
      Object {
        "palette": Object {
          "accentColor": "#FF7575",
          "primaryColor": "#FF7575",
          "secondaryColor": "#CC5D5D",
        },
        "toolbar": Object {
          "container": Object {
            "height": 50,
          },
        },
      }
    }
  />
  <View>
    <Text
      accessible={true}
      allowFontScaling={true}
      ellipsizeMode="tail"
    >
      hi
    </Text>
  </View>
</View>
`;
