// Jest Snapshot v1, https://goo.gl/fbAQLP

exports[`<DateDisplay /> should render correctly 1`] = `
<View
  style={
    Object {
      "padding": 4,
      "width": 56,
    }
  }
>
  <Text
    accessible={true}
    allowFontScaling={true}
    ellipsizeMode="tail"
    style={
      Object {
        "fontSize": 24,
      }
    }
  >
    10
  </Text>
  <Text
    accessible={true}
    allowFontScaling={true}
    ellipsizeMode="tail"
    style={Object {}}
  >
    Mon
  </Text>
</View>
`;
