// Jest Snapshot v1, https://goo.gl/fbAQLP

exports[`<RoleItem /> should render correctly 1`] = `
<View
  accessibilityComponentType={undefined}
  accessibilityLabel={undefined}
  accessibilityTraits={undefined}
  accessible={true}
  hitSlop={undefined}
  isTVSelectable={true}
  onLayout={undefined}
  onResponderGrant={[Function]}
  onResponderMove={[Function]}
  onResponderRelease={[Function]}
  onResponderTerminate={[Function]}
  onResponderTerminationRequest={[Function]}
  onStartShouldSetResponder={[Function]}
  style={
    Object {
      "opacity": 1,
    }
  }
  testID={undefined}
  tvParallaxProperties={undefined}
>
  <ThemeProvider
    uiTheme={
      Object {
        "palette": Object {
          "accentColor": "#FF7575",
          "alternateTextColor": "white",
          "lightColor": "#FFC0C0",
          "primaryColor": "#FF7575",
          "primaryTextColor": "black",
          "secondaryColor": "#CC5D5D",
        },
        "spacing": Object {
          "miniActionButtonSize": 42,
        },
        "toolbar": Object {
          "container": Object {
            "height": 50,
          },
        },
        "typography": Object {
          "fontSize": Object {
            "display": 25,
          },
          "subheading": Object {
            "fontSize": 16,
            "fontWeight": "normal",
            "lineHeight": 24,
          },
        },
      }
    }
  />
</View>
`;
